2025-09-06 06:06:19,340 - radiya_main - INFO - بدء تشغيل مشروع رضية
2025-09-06 06:06:19,340 - radiya_main - INFO - المرحلة 1: تحليل البيانات
2025-09-06 06:06:19,340 - radiya.data.loader - INFO - تحميل البيانات من: data/raw/customer_churn_mini.json
2025-09-06 06:06:20,854 - radiya.data.loader - INFO - تم تحميل 286,500 سجل
2025-09-06 06:06:20,854 - radiya.data.loader - INFO - معالجة أولية للبيانات...
2025-09-06 06:06:21,003 - radiya.data.loader - INFO - تم حذف 8,346 سجل للمستخدمين المجهولين
2025-09-06 06:06:21,255 - radiya.data.loader - INFO - البيانات المعالجة: 225 مستخدم، 278,154 سجل
2025-09-06 06:06:21,618 - radiya_main - INFO - المرحلة 2: هندسة الميزات
2025-09-06 06:06:21,618 - radiya.data.feature_engineer - INFO - بدء إنشاء الميزات الشاملة...
2025-09-06 06:06:21,618 - radiya.data.feature_engineer - INFO - إنشاء ميزات المستخدمين...
2025-09-06 06:06:25,794 - radiya.data.feature_engineer - INFO - تم إنشاء 42 ميزة لـ 225 مستخدم
2025-09-06 06:06:25,798 - radiya.data.feature_engineer - INFO - تم إنشاء 41 ميزة نهائية
2025-09-06 06:06:25,798 - radiya.data.feature_engineer - INFO - تعريف الانسحاب بطريقة: cancellation
2025-09-06 06:06:25,826 - radiya.data.feature_engineer - INFO - المنسحبين: 52, المعدل: 23.11%
2025-09-06 06:06:25,826 - radiya.data.feature_engineer - INFO - تعريف الانسحاب بطريقة: downgrade
2025-09-06 06:06:25,854 - radiya.data.feature_engineer - INFO - المنسحبين: 49, المعدل: 21.78%
2025-09-06 06:06:25,855 - radiya.data.feature_engineer - INFO - تعريف الانسحاب بطريقة: combined
2025-09-06 06:06:25,896 - radiya.data.feature_engineer - INFO - المنسحبين: 92, المعدل: 40.89%
2025-09-06 06:06:25,896 - radiya.data.feature_engineer - INFO - تعريف الانسحاب بطريقة: inactivity
2025-09-06 06:06:25,931 - radiya.data.feature_engineer - INFO - المنسحبين: 112, المعدل: 49.78%
2025-09-06 06:06:25,932 - radiya_main - INFO - المرحلة 3: تدريب النماذج
2025-09-06 06:06:25,933 - radiya.models.trainer - INFO - بدء تدريب جميع النماذج - تجربة: cancellation
2025-09-06 06:06:25,933 - radiya.models.trainer - INFO - شكل البيانات: (225, 41)
2025-09-06 06:06:25,933 - radiya.models.trainer - INFO - توزيع الفئات: {0: 173, 1: 52}
2025-09-06 06:06:25,935 - radiya.models.trainer - INFO - بيانات التدريب: (180, 41), الاختبار: (45, 41)
2025-09-06 06:06:25,935 - radiya.models.trainer - INFO - تدريب نموذج: RandomForest
2025-09-06 06:06:25,935 - radiya.models.trainer - INFO - معالجة عدم التوازن باستخدام: smote
2025-09-06 06:06:25,935 - radiya.models.trainer - INFO - التوزيع الأصلي: {0: 138, 1: 42}
2025-09-06 06:06:25,958 - radiya.models.trainer - INFO - التوزيع الجديد: {1: 138, 0: 138}
2025-09-06 06:06:27,317 - radiya.models.trainer - INFO - RandomForest - AUC: 0.8943, Precision: 0.7000, Recall: 0.7000, F1: 0.7000
2025-09-06 06:06:27,317 - radiya.models.trainer - INFO - تدريب نموذج: LogisticRegression
2025-09-06 06:06:27,322 - radiya.models.trainer - INFO - معالجة عدم التوازن باستخدام: smote
2025-09-06 06:06:27,322 - radiya.models.trainer - INFO - التوزيع الأصلي: {0: 138, 1: 42}
2025-09-06 06:06:27,327 - radiya.models.trainer - INFO - التوزيع الجديد: {1: 138, 0: 138}
2025-09-06 06:06:27,998 - radiya.models.trainer - INFO - LogisticRegression - AUC: 0.9543, Precision: 0.7273, Recall: 0.8000, F1: 0.7619
2025-09-06 06:06:27,998 - radiya.models.trainer - INFO - تدريب نموذج: GradientBoosting
2025-09-06 06:06:27,999 - radiya.models.trainer - INFO - معالجة عدم التوازن باستخدام: smote
2025-09-06 06:06:27,999 - radiya.models.trainer - INFO - التوزيع الأصلي: {0: 138, 1: 42}
2025-09-06 06:06:28,005 - radiya.models.trainer - INFO - التوزيع الجديد: {1: 138, 0: 138}
2025-09-06 06:06:29,765 - radiya.models.trainer - INFO - GradientBoosting - AUC: 0.9229, Precision: 0.7273, Recall: 0.8000, F1: 0.7619
2025-09-06 06:06:29,765 - radiya.models.trainer - INFO - تدريب نموذج: SVM
2025-09-06 06:06:29,771 - radiya.models.trainer - INFO - معالجة عدم التوازن باستخدام: smote
2025-09-06 06:06:29,771 - radiya.models.trainer - INFO - التوزيع الأصلي: {0: 138, 1: 42}
2025-09-06 06:06:29,778 - radiya.models.trainer - INFO - التوزيع الجديد: {1: 138, 0: 138}
2025-09-06 06:06:30,564 - radiya.models.trainer - INFO - SVM - AUC: 0.8971, Precision: 0.6000, Recall: 0.6000, F1: 0.6000
2025-09-06 06:06:30,564 - radiya.models.trainer - INFO - انتهى تدريب جميع النماذج
2025-09-06 06:06:30,564 - radiya.models.trainer - INFO - أفضل نموذج: LogisticRegression (AUC = 0.9543)
2025-09-06 06:06:30,567 - radiya.models.trainer - INFO - بدء تدريب جميع النماذج - تجربة: downgrade
2025-09-06 06:06:30,567 - radiya.models.trainer - INFO - شكل البيانات: (225, 41)
2025-09-06 06:06:30,567 - radiya.models.trainer - INFO - توزيع الفئات: {0: 176, 1: 49}
2025-09-06 06:06:30,569 - radiya.models.trainer - INFO - بيانات التدريب: (180, 41), الاختبار: (45, 41)
2025-09-06 06:06:30,569 - radiya.models.trainer - INFO - تدريب نموذج: RandomForest
2025-09-06 06:06:30,569 - radiya.models.trainer - INFO - معالجة عدم التوازن باستخدام: smote
2025-09-06 06:06:30,569 - radiya.models.trainer - INFO - التوزيع الأصلي: {0: 141, 1: 39}
2025-09-06 06:06:30,576 - radiya.models.trainer - INFO - التوزيع الجديد: {1: 141, 0: 141}
2025-09-06 06:06:31,694 - radiya.models.trainer - INFO - RandomForest - AUC: 1.0000, Precision: 1.0000, Recall: 1.0000, F1: 1.0000
2025-09-06 06:06:31,694 - radiya.models.trainer - INFO - تدريب نموذج: LogisticRegression
2025-09-06 06:06:31,699 - radiya.models.trainer - INFO - معالجة عدم التوازن باستخدام: smote
2025-09-06 06:06:31,699 - radiya.models.trainer - INFO - التوزيع الأصلي: {0: 141, 1: 39}
2025-09-06 06:06:31,704 - radiya.models.trainer - INFO - التوزيع الجديد: {1: 141, 0: 141}
2025-09-06 06:06:32,655 - radiya.models.trainer - INFO - LogisticRegression - AUC: 1.0000, Precision: 1.0000, Recall: 1.0000, F1: 1.0000
2025-09-06 06:06:32,655 - radiya.models.trainer - INFO - تدريب نموذج: GradientBoosting
2025-09-06 06:06:32,655 - radiya.models.trainer - INFO - معالجة عدم التوازن باستخدام: smote
2025-09-06 06:06:32,656 - radiya.models.trainer - INFO - التوزيع الأصلي: {0: 141, 1: 39}
2025-09-06 06:06:32,685 - radiya.models.trainer - INFO - التوزيع الجديد: {1: 141, 0: 141}
2025-09-06 06:06:33,493 - radiya.models.trainer - INFO - GradientBoosting - AUC: 1.0000, Precision: 1.0000, Recall: 1.0000, F1: 1.0000
2025-09-06 06:06:33,493 - radiya.models.trainer - INFO - تدريب نموذج: SVM
2025-09-06 06:06:33,497 - radiya.models.trainer - INFO - معالجة عدم التوازن باستخدام: smote
2025-09-06 06:06:33,497 - radiya.models.trainer - INFO - التوزيع الأصلي: {0: 141, 1: 39}
2025-09-06 06:06:33,502 - radiya.models.trainer - INFO - التوزيع الجديد: {1: 141, 0: 141}
2025-09-06 06:06:33,556 - radiya.models.trainer - INFO - SVM - AUC: 1.0000, Precision: 1.0000, Recall: 0.9000, F1: 0.9474
2025-09-06 06:06:33,556 - radiya.models.trainer - INFO - انتهى تدريب جميع النماذج
2025-09-06 06:06:33,556 - radiya.models.trainer - INFO - أفضل نموذج: RandomForest (AUC = 1.0000)
2025-09-06 06:06:33,558 - radiya.models.trainer - INFO - بدء تدريب جميع النماذج - تجربة: combined
2025-09-06 06:06:33,558 - radiya.models.trainer - INFO - شكل البيانات: (225, 41)
2025-09-06 06:06:33,558 - radiya.models.trainer - INFO - توزيع الفئات: {0: 133, 1: 92}
2025-09-06 06:06:33,559 - radiya.models.trainer - INFO - بيانات التدريب: (180, 41), الاختبار: (45, 41)
2025-09-06 06:06:33,559 - radiya.models.trainer - INFO - تدريب نموذج: RandomForest
2025-09-06 06:06:33,559 - radiya.models.trainer - INFO - معالجة عدم التوازن باستخدام: smote
2025-09-06 06:06:33,560 - radiya.models.trainer - INFO - التوزيع الأصلي: {0: 106, 1: 74}
2025-09-06 06:06:33,565 - radiya.models.trainer - INFO - التوزيع الجديد: {0: 106, 1: 106}
2025-09-06 06:06:34,005 - radiya.models.trainer - INFO - RandomForest - AUC: 0.9239, Precision: 0.6667, Recall: 0.8889, F1: 0.7619
2025-09-06 06:06:34,005 - radiya.models.trainer - INFO - تدريب نموذج: LogisticRegression
2025-09-06 06:06:34,011 - radiya.models.trainer - INFO - معالجة عدم التوازن باستخدام: smote
2025-09-06 06:06:34,011 - radiya.models.trainer - INFO - التوزيع الأصلي: {0: 106, 1: 74}
2025-09-06 06:06:34,018 - radiya.models.trainer - INFO - التوزيع الجديد: {0: 106, 1: 106}
2025-09-06 06:06:34,070 - radiya.models.trainer - INFO - LogisticRegression - AUC: 0.9218, Precision: 0.6800, Recall: 0.9444, F1: 0.7907
2025-09-06 06:06:34,071 - radiya.models.trainer - INFO - تدريب نموذج: GradientBoosting
2025-09-06 06:06:34,071 - radiya.models.trainer - INFO - معالجة عدم التوازن باستخدام: smote
2025-09-06 06:06:34,071 - radiya.models.trainer - INFO - التوزيع الأصلي: {0: 106, 1: 74}
2025-09-06 06:06:34,101 - radiya.models.trainer - INFO - التوزيع الجديد: {0: 106, 1: 106}
2025-09-06 06:06:34,783 - radiya.models.trainer - INFO - GradientBoosting - AUC: 0.9486, Precision: 0.6800, Recall: 0.9444, F1: 0.7907
2025-09-06 06:06:34,784 - radiya.models.trainer - INFO - تدريب نموذج: SVM
2025-09-06 06:06:34,796 - radiya.models.trainer - INFO - معالجة عدم التوازن باستخدام: smote
2025-09-06 06:06:34,796 - radiya.models.trainer - INFO - التوزيع الأصلي: {0: 106, 1: 74}
2025-09-06 06:06:34,816 - radiya.models.trainer - INFO - التوزيع الجديد: {0: 106, 1: 106}
2025-09-06 06:06:34,872 - radiya.models.trainer - INFO - SVM - AUC: 0.8724, Precision: 0.8125, Recall: 0.7222, F1: 0.7647
2025-09-06 06:06:34,872 - radiya.models.trainer - INFO - انتهى تدريب جميع النماذج
2025-09-06 06:06:34,872 - radiya.models.trainer - INFO - أفضل نموذج: GradientBoosting (AUC = 0.9486)
2025-09-06 06:06:34,874 - radiya.models.trainer - INFO - بدء تدريب جميع النماذج - تجربة: inactivity
2025-09-06 06:06:34,874 - radiya.models.trainer - INFO - شكل البيانات: (225, 41)
2025-09-06 06:06:34,874 - radiya.models.trainer - INFO - توزيع الفئات: {0: 113, 1: 112}
2025-09-06 06:06:34,876 - radiya.models.trainer - INFO - بيانات التدريب: (180, 41), الاختبار: (45, 41)
2025-09-06 06:06:34,876 - radiya.models.trainer - INFO - تدريب نموذج: RandomForest
2025-09-06 06:06:34,876 - radiya.models.trainer - INFO - معالجة عدم التوازن باستخدام: smote
2025-09-06 06:06:34,876 - radiya.models.trainer - INFO - التوزيع الأصلي: {0: 90, 1: 90}
2025-09-06 06:06:34,880 - radiya.models.trainer - INFO - التوزيع الجديد: {0: 90, 1: 90}
2025-09-06 06:06:35,303 - radiya.models.trainer - INFO - RandomForest - AUC: 0.8735, Precision: 0.9333, Recall: 0.6364, F1: 0.7568
2025-09-06 06:06:35,303 - radiya.models.trainer - INFO - تدريب نموذج: LogisticRegression
2025-09-06 06:06:35,310 - radiya.models.trainer - INFO - معالجة عدم التوازن باستخدام: smote
2025-09-06 06:06:35,310 - radiya.models.trainer - INFO - التوزيع الأصلي: {0: 90, 1: 90}
2025-09-06 06:06:35,314 - radiya.models.trainer - INFO - التوزيع الجديد: {0: 90, 1: 90}
2025-09-06 06:06:35,374 - radiya.models.trainer - INFO - LogisticRegression - AUC: 0.8202, Precision: 0.9167, Recall: 0.5000, F1: 0.6471
2025-09-06 06:06:35,374 - radiya.models.trainer - INFO - تدريب نموذج: GradientBoosting
2025-09-06 06:06:35,374 - radiya.models.trainer - INFO - معالجة عدم التوازن باستخدام: smote
2025-09-06 06:06:35,375 - radiya.models.trainer - INFO - التوزيع الأصلي: {0: 90, 1: 90}
2025-09-06 06:06:35,385 - radiya.models.trainer - INFO - التوزيع الجديد: {0: 90, 1: 90}
2025-09-06 06:06:35,997 - radiya.models.trainer - INFO - GradientBoosting - AUC: 0.8715, Precision: 0.9333, Recall: 0.6364, F1: 0.7568
2025-09-06 06:06:35,997 - radiya.models.trainer - INFO - تدريب نموذج: SVM
2025-09-06 06:06:36,001 - radiya.models.trainer - INFO - معالجة عدم التوازن باستخدام: smote
2025-09-06 06:06:36,001 - radiya.models.trainer - INFO - التوزيع الأصلي: {0: 90, 1: 90}
2025-09-06 06:06:36,004 - radiya.models.trainer - INFO - التوزيع الجديد: {0: 90, 1: 90}
2025-09-06 06:06:36,040 - radiya.models.trainer - INFO - SVM - AUC: 0.8617, Precision: 0.9286, Recall: 0.5909, F1: 0.7222
2025-09-06 06:06:36,040 - radiya.models.trainer - INFO - انتهى تدريب جميع النماذج
2025-09-06 06:06:36,040 - radiya.models.trainer - INFO - أفضل نموذج: RandomForest (AUC = 0.8735)
2025-09-06 06:06:36,040 - radiya_main - INFO - المرحلة 4: عرض النتائج
2025-09-06 06:06:36,058 - radiya.models.trainer - INFO - تم حفظ أفضل نموذج: /home/radyah/Thmanyah/radhiyah-projct/radhiyah-projct/models/saved_models/best_model_RandomForest_20250906_060636.joblib
2025-09-06 06:06:36,062 - radiya_main - INFO - انتهى تشغيل المشروع بنجاح
